Archive member included to satisfy reference by file (symbol)

../bios/bios.a(startup.o)     (_os_entry)
../bios/bios.a(blkdev.o)      ../bios/bios.a(startup.o) (_bhdv_init)
../bios/bios.a(floppy.o)      ../bios/bios.a(blkdev.o) (_flopini)
../bios/bios.a(ikbdclk.o)     ../bios/bios.a(startup.o) (_gettime)
../bios/bios.a(chardev.o)     ../bios/bios.a(startup.o) (_bco3stat)
../bios/bios.a(prtblk.o)      ../bios/bios.a(startup.o) (_prtblk)
../bios/bios.a(prt.o)         ../bios/bios.a(prtblk.o) (_prtlst)
../vdi/vdi.a(escape.o)        ../bios/bios.a(startup.o) (_bcon5out)
../vdi/vdi.a(line1010.o)      ../bios/bios.a(startup.o) (line1010)
../vdi/vdi.a(gsxasm1.o)       ../vdi/vdi.a(line1010.o) (M_CLC_FLIT)
../vdi/vdi.a(allgem.o)        ../bios/bios.a(startup.o) (esc_init)
../vdi/vdi.a(monobj.o)        ../vdi/vdi.a(escape.o) (_v_show_c)
../vdi/vdi.a(monout.o)        ../vdi/vdi.a(monobj.o) (_st_fl_ptr)
../vdi/vdi.a(text.o)          ../vdi/vdi.a(monout.o) (_d_justified)
../vdi/vdi.a(textblt.o)       ../vdi/vdi.a(monout.o) (_scrtsiz)
../vdi/vdi.a(sbtxtblt.o)      ../vdi/vdi.a(line1010.o) (_TEXT_BLT)
../vdi/vdi.a(mono.o)          ../vdi/vdi.a(text.o) (_MONO8XHT)
../vdi/vdi.a(gsxasm2.o)       ../vdi/vdi.a(monout.o) (_vtrap1)
../vdi/vdi.a(mouse.o)         ../vdi/vdi.a(allgem.o) (mouse_rel)
../vdi/vdi.a(font6x6.o)       ../vdi/vdi.a(line1010.o) (_f6x6)
../vdi/vdi.a(font8x8.o)       ../vdi/vdi.a(line1010.o) (_f8x8)
../vdi/vdi.a(font8x16.o)      ../vdi/vdi.a(line1010.o) (_f8x16)
../vdi/vdi.a(copyrfm.o)       ../vdi/vdi.a(line1010.o) (_COPY_RFM)
../vdi/vdi.a(blastman.o)      ../vdi/vdi.a(line1010.o) (KG_BLT)
../vdi/vdi.a(sbfrag.o)        ../vdi/vdi.a(blastman.o) (mode_00)
../vdi/vdi.a(seedfill.o)      ../vdi/vdi.a(line1010.o) (_seedfill)
../vdi/vdi.a(tables.o)        ../vdi/vdi.a(monout.o) (_REV_MAP_COL)
../vdi/vdi.a(isin.o)          ../vdi/vdi.a(monout.o) (_Isin)
../bdos/bdos.a(bdosmain.o)    ../bios/bios.a(startup.o) (_osinit)
../bdos/bdos.a(fshand.o)      ../bdos/bdos.a(bdosmain.o) (_xsetdrv)
../bdos/bdos.a(osmem.o)       ../bdos/bdos.a(fshand.o) (_xmgetblk)
../bdos/bdos.a(osinit.o)      ../bdos/bdos.a(osmem.o) (_gouser)
../bdos/bdos.a(sup.o)         ../bdos/bdos.a(osinit.o) (_cinit)
../bdos/bdos.a(time.o)        ../bdos/bdos.a(sup.o) (_xgetdate)
../bdos/bdos.a(console.o)     ../bdos/bdos.a(sup.o) (_xconstat)
../vdi/vdi.a(entry.o)         ../bdos/bdos.a(osinit.o) (_GSX_ENTRY)
../vdi/vdi.a(jmptbl.o)        ../vdi/vdi.a(entry.o) (_SCREEN)
../vdi/vdi.a(opnwk.o)         ../vdi/vdi.a(jmptbl.o) (_v_opnwk)
../vdi/vdi.a(xfrmform.o)      ../vdi/vdi.a(jmptbl.o) (_vr_trnfm)
../vdi/vdi.a(stcolor.o)       ../vdi/vdi.a(jmptbl.o) (_vs_color)
../aes/aes.a(function.o)      ../vdi/vdi.a(opnwk.o) (_memcpy)
../aes/aes.a(large.o)         ../aes/aes.a(function.o) (_LSTCPY)
/home/sebilla/mintstd/binary7-package/usr/bin/../lib64/gcc/m68k-atari-mint/4.6.4/mshort/libgcc.a(_mulsi3.o)
                              ../bios/bios.a(blkdev.o) (___mulsi3)
/home/sebilla/mintstd/binary7-package/usr/bin/../lib64/gcc/m68k-atari-mint/4.6.4/mshort/libgcc.a(_divsi3.o)
                              ../aes/aes.a(function.o) (___divsi3)
/home/sebilla/mintstd/binary7-package/usr/bin/../lib64/gcc/m68k-atari-mint/4.6.4/mshort/libgcc.a(_udivsi3.o)
                              /home/sebilla/mintstd/binary7-package/usr/bin/../lib64/gcc/m68k-atari-mint/4.6.4/mshort/libgcc.a(_divsi3.o) (___udivsi3_internal)

Allocating common symbols
Common symbol       size              file

_gl_mnpid           0x2               vars.o
execname            0x4               ../bios/bios.a(startup.o)
_thedesk            0x4               vars.o
_gl_ctwait          0xa               vars.o
lastacstm           0x4               ../bios/bios.a(floppy.o)
_osmem              0x1770            ../bdos/bdos.a(osmem.o)
_NUM_TICK           0x4               vars.o
_sndtable           0x4               ../bios/bios.a(startup.o)
biosaret            0x4               vars.o
_drvtbl             0x40              vars.o
_dlr                0x4               vars.o
kb_key_last         0x1               ../bios/bios.a(startup.o)
kb_initial          0x1               ../bios/bios.a(startup.o)
_date               0x2               vars.o
mousebuf            0x5               ../bios/bios.a(startup.o)
_gl_newroot         0x2               vars.o
_fpt                0x2               vars.o
_ad_hgmice          0x4               vars.o
_rseed              0x4               ../bios/bios.a(blkdev.o)
_ml_ocnt            0x2               vars.o
oshdr               0x46              ../bios/bios.a(startup.o)
_rs_hdr             0x4               vars.o
dsb                 0x10              ../bios/bios.a(startup.o)
errsave             0x4               vars.o
ikbdbuf             0x80              ../bios/bios.a(startup.o)
_msec               0x2               ../bdos/bdos.a(sup.o)
retsava             0x4               vars.o
_prtbend            0x4               ../bios/bios.a(prtblk.o)
_oscnt              0x2               ../bdos/bdos.a(sup.o)
_snddelay           0x1               ../bios/bios.a(startup.o)
_rlr                0x4               vars.o
clockbuf            0x6               ../bios/bios.a(startup.o)
rs232ibuf           0x100             ../bios/bios.a(startup.o)
_savsup             0x4               vars.o
xbiosaret           0x4               vars.o
fd_track            0x2               ../bios/bios.a(floppy.o)
midiiorec           0xe               ../bios/bios.a(startup.o)
_prtbmono           0x2               ../bios/bios.a(prtblk.o)
_blkdev             0x40              ../bios/bios.a(blkdev.o)
_mclick             0x2               vars.o
_gl_rbuf            0x4               vars.o
_prtbmaxval         0x20              ../bios/bios.a(prtblk.o)
_glbkbchar          0x3c0             vars.o
_aesldivr           0x4               vars.o
iclkrtime           0x4               vars.o
fd_virgin           0x2               ../bios/bios.a(floppy.o)
_havegem            0x2               vars.o
_diruse             0x28              vars.o
pblock              0x14              vars.o
_prtbilow           0x2               ../bios/bios.a(prtblk.o)
_gl_cowner          0x4               vars.o
_romdata            0x24              vars.o
save_beg            0xee              ../bios/bios.a(startup.o)
_wind_spb           0xa               vars.o
fd_spt              0x2               ../bios/bios.a(floppy.o)
rs232iorec          0x24              ../bios/bios.a(startup.o)
_xrat               0x2               vars.o
fd_desel            0x2               ../bios/bios.a(floppy.o)
_prtbchunk          0x2               ../bios/bios.a(prtblk.o)
_ml_ctrl            0x8               vars.o
_prtbmed            0x2               ../bios/bios.a(prtblk.o)
_prtbstrt           0x4               ../bios/bios.a(prtblk.o)
_prtbomask          0x2               ../bios/bios.a(prtblk.o)
_infdrv             0x2               vars.o
_gl_btrue           0x2               vars.o
fd_sect             0x2               ../bios/bios.a(floppy.o)
_gl_dcindex         0x2               vars.o
_f_maxlevel         0x2               vars.o
gstksave            0x4               vars.o
_gl_wtop            0x2               vars.o
_prtbidx            0x2               ../bios/bios.a(prtblk.o)
_prtblow            0x2               ../bios/bios.a(prtblk.o)
_crit_err           0x4               vars.o
kb_repeat           0x1               ../bios/bios.a(startup.o)
_eul                0x4               vars.o
_curpid             0x2               vars.o
_havefmt            0x2               vars.o
_elinkoff           0x4               vars.o
_errbuf             0xc               ../bdos/bdos.a(sup.o)
_root               0x14              ../bdos/bdos.a(osmem.o)
_osmlen             0x2               ../bdos/bdos.a(osmem.o)
_gl_mowner          0x4               vars.o
_errdrv             0x2               vars.o
_glbcolumn          0x6               vars.o
_prtbempty          0x2               ../bios/bios.a(prtblk.o)
errstk              0x404             vars.o
_sh_dodef           0x2               vars.o
trp14aret           0x4               vars.o
_gl_rlen            0x2               vars.o
lst_timeout         0x4               ../bios/bios.a(startup.o)
iclkbuf             0x6               ../bios/bios.a(ikbdclk.o)
_prtbacol           0x2               ../bios/bios.a(prtblk.o)
_curkeytbl          0xc               ../bios/bios.a(startup.o)
_sys_adacc          0x4               vars.o
_prtboch            0x2               ../bios/bios.a(prtblk.o)
savepc              0x4               ../bios/bios.a(startup.o)
_bakbuf             0xc               vars.o
_DOS_ERR            0x2               vars.o
_fd_lastacc         0x8               ../bios/bios.a(blkdev.o)
_prtbdmask          0x2               ../bios/bios.a(prtblk.o)
_hdr_buff           0x24              vars.o
_gl_bdelay          0x2               vars.o
_ram8x8             0x5a              vars.o
_gl_dabox           0x2               vars.o
_gl_dclick          0x2               vars.o
fd_side             0x2               ../bios/bios.a(floppy.o)
_tikaddr            0x4               vars.o
_desk_pid           0xc               vars.o
fd_buffer           0x4               ../bios/bios.a(floppy.o)
fd_curerr           0x2               ../bios/bios.a(floppy.o)
ustak               0x84              vars.o
old_tik             0x4               ../bdos/bdos.a(osinit.o)
_mtrans             0x2               vars.o
_gl_kowner          0x4               vars.o
_sh_isgem           0x2               vars.o
_prtbamon           0x2               ../bios/bios.a(prtblk.o)
_prtbp2             0x4               ../bios/bios.a(prtblk.o)
fd_deferr           0x2               ../bios/bios.a(floppy.o)
_prtboval           0x8               ../bios/bios.a(prtblk.o)
_dirtbl             0xa0              vars.o
_prtbrval           0x2               ../bios/bios.a(prtblk.o)
_drivechange        0x2               ../bios/bios.a(blkdev.o)
_prtbminval         0x20              ../bios/bios.a(prtblk.o)
_prtbihigh          0x2               ../bios/bios.a(prtblk.o)
savsr               0x2               vars.o
_gl_pacc            0x18              vars.o
_rs_global          0x4               vars.o
_ad_envrn           0x4               vars.o
joybuf              0x3               ../bios/bios.a(startup.o)
_secbuf             0x800             ../bdos/bdos.a(bdosmain.o)
savesr              0x2               ../bdos/bdos.a(osinit.o)
_gl_bpend           0x2               vars.o
fd_dev              0x2               ../bios/bios.a(floppy.o)
_pr_xrat            0x2               vars.o
_prtbbol            0x2               ../bios/bios.a(prtblk.o)
_appl_msg           0x10              vars.o
_fd_latch           0x2               ../bios/bios.a(blkdev.o)
_fph                0x2               vars.o
_drl                0x4               vars.o
_prtbplanes         0x2               ../bios/bios.a(prtblk.o)
_sh_doexec          0x2               vars.o
iclk_ready          0x1               vars.o
_tiksav             0x4               vars.o
iclkwtime           0x4               ../bios/bios.a(ikbdclk.o)
_prtbwidth          0x2               ../bios/bios.a(prtblk.o)
_prtbprez           0x2               ../bios/bios.a(prtblk.o)
_prtbbval           0x2               ../bios/bios.a(prtblk.o)
_fd_err             0x4               ../bios/bios.a(blkdev.o)
fd_interlv          0x2               ../bios/bios.a(floppy.o)
_prtblines          0x2               ../bios/bios.a(prtblk.o)
_ml_pmown           0x4               vars.o
_gl_dabase          0x2               vars.o
_buptr              0xc               vars.o
_SAV2TRP            0x4               vars.o
_gl_mntree          0x4               vars.o
drawsp              0x4               vars.o
_havedesk           0x2               vars.o
tstksave            0x4               vars.o
_run                0x4               vars.o
relmbuf             0x3               ../bios/bios.a(startup.o)
_prtbbytes          0x2               ../bios/bios.a(prtblk.o)
_indisp             0x2               vars.o
_gl_bdesired        0x2               vars.o
_uptime             0x4               ../bdos/bdos.a(sup.o)
_fmt_global         0x1e              vars.o
_CMP_TICK           0x4               vars.o
execpath            0x4               ../bios/bios.a(startup.o)
old_2               0x4               ../bdos/bdos.a(osinit.o)
_shifty             0x1               ../bios/bios.a(startup.o)
_D                  0x2a16            vars.o
_virt_work          0x134             vars.o
_ad_shtail          0x4               vars.o
_gl_fakemsg         0x2               vars.o
_time               0x2               vars.o
_ad_rso             0x4               vars.o
kb_ticks            0x1               ../bios/bios.a(startup.o)
rs232obuf           0x100             ../bios/bios.a(startup.o)
_fd_wp              0x2               ../bios/bios.a(blkdev.o)
_prtbobuf           0x8               ../bios/bios.a(prtblk.o)
_gl_adacc           0x18              vars.o
_prtbmval           0x8               ../bios/bios.a(prtblk.o)
_fd_mediach         0x4               ../bios/bios.a(blkdev.o)
_prtbodd            0x2               ../bios/bios.a(prtblk.o)
_ml_pkown           0x4               vars.o
_prtbdev            0x2               vars.o
_gl_font            0x2               vars.o
_gl_recd            0x2               vars.o
execdta             0x2c              ../bios/bios.a(startup.o)
_prtbtcol           0x2               ../bios/bios.a(prtblk.o)
fd_motoron          0x2               ../bios/bios.a(floppy.o)
_zlr                0x4               vars.o
midibuf             0x100             ../bios/bios.a(startup.o)
_ad_windspb         0x4               vars.o
_gl_dacnt           0x2               vars.o
_f_level            0x2               vars.o
_ad_shcmd           0x4               vars.o
_infpath            0x7a              vars.o
_drawstk            0x4               vars.o
_gl_newdesk         0x4               vars.o
_drwaddr            0x4               vars.o
_prtbval            0x20              ../bios/bios.a(prtblk.o)
_beptr              0xc               vars.o
gstack              0x60              vars.o
_ml_mnhold          0x4               vars.o
fd_dmaend           0x4               ../bios/bios.a(floppy.o)
_prtbpmsk           0x2               ../bios/bios.a(prtblk.o)
_gl_bvhard          0x2               vars.o
_prtbflg            0x2               ../bios/bios.a(prtblk.o)
_ad_armice          0x4               vars.o
_gl_naccs           0x2               vars.o
_prtbp1             0x4               ../bios/bios.a(prtblk.o)
_pmd                0xc               ../bdos/bdos.a(sup.o)
_ctl_pd             0x4               vars.o
_diskin             0x2               vars.o
_gl_width           0x2               vars.o
_fpcnt              0x2               vars.o
_yrat               0x2               vars.o
_pr_yrat            0x2               vars.o
_sft                0x2ee             vars.o
_supstk             0x800             vars.o
fd_retry            0x2               ../bios/bios.a(floppy.o)
_curflop            0x2               ../bios/bios.a(blkdev.o)
trp13aret           0x4               vars.o
srsave              0x2               vars.o
_pbpar              0x1e              ../bios/bios.a(prtblk.o)
kbdbuf              0x7               ../bios/bios.a(startup.o)
_ad_stdesk          0x4               vars.o
_gl_awind           0x4               vars.o
_gl_rschange        0x2               vars.o
_button             0x2               vars.o
kb_delay            0x1               ../bios/bios.a(startup.o)
_gl_bclick          0x2               vars.o
_ad_pfile           0x4               vars.o
_ad_path            0x4               vars.o
_prtbeps            0x2               ../bios/bios.a(prtblk.o)
fstack              0x818             ../bdos/bdos.a(osinit.o)
_nrl                0x4               vars.o
_bcbx               0x50              ../bdos/bdos.a(bdosmain.o)
_tim_c_sieve        0x2               ../bios/bios.a(startup.o)
_gl_rmnactv         0x8               vars.o
_g_wlist            0x4               vars.o
_pr_button          0x2               vars.o
_ctrl               0x8               vars.o
gem_env             0xc               ../bios/bios.a(startup.o)
_prtbheight         0x2               ../bios/bios.a(prtblk.o)
_gl_ticktime        0x2               vars.o
_pglobal            0x1e              vars.o
dspstk              0x284             vars.o
_desk_acc           0x18              vars.o
_ad_sysglo          0x4               vars.o
_sndtmp             0x1               ../bios/bios.a(startup.o)
_drawaddr           0x4               vars.o
_osmptr             0x2               ../bdos/bdos.a(osmem.o)
psetsr              0x2               vars.o
_prtboffset         0x2               ../bios/bios.a(prtblk.o)
_pbdef              0x1e              ../bios/bios.a(startup.o)
execfname           0x20              ../bios/bios.a(startup.o)
_gl_restype         0x2               vars.o
tstack              0x60              vars.o
ikbdiorec           0xe               ../bios/bios.a(startup.o)
_rwerr              0x4               vars.o
buttonbuf           0x3               ../bios/bios.a(startup.o)
fd_scount           0x2               ../bios/bios.a(floppy.o)
_ram8x16            0x5a              vars.o
_kstate             0x2               vars.o
biosav              0x8               ../bdos/bdos.a(osinit.o)
_xxaddr             0x4               vars.o
_desk_global        0x1e              vars.o
_gl_nextrez         0x2               vars.o
_prtbink            0x2               ../bios/bios.a(prtblk.o)
_gl_apid            0x2               vars.o
_prtbdots           0x2               ../bios/bios.a(prtblk.o)
_g_buffer           0x4               vars.o
_sh_gem             0x2               vars.o
_prtbwords          0x2               ../bios/bios.a(prtblk.o)
flopsregs           0x2               ../bios/bios.a(floppy.o)
_prtconfig          0x2               ../bios/bios.a(startup.o)
_cda                0x4               vars.o
_drvsel             0x2               vars.o
_prtbinvert         0x2               ../bios/bios.a(prtblk.o)
_prtbbits           0x2               ../bios/bios.a(prtblk.o)
_rul                0x4               vars.o
_infork             0x2               vars.o
_fill               0x4               vars.o
_gem_global         0x1e              vars.o
_pr_mclick          0x2               vars.o
_kbdvecs            0x2a              ../bios/bios.a(startup.o)
_gl_dta             0x32              vars.o
_gl_bvdisk          0x2               vars.o
_DOS_AX             0x2               vars.o
_prtbgval           0x2               ../bios/bios.a(prtblk.o)
initmbuf            0x11              ../bios/bios.a(startup.o)

There are no discarded input sections

Memory Configuration

Name             Origin             Length             Attributes
*default*        0x00000000         0xffffffff

Linker script and memory map


.text           0x00fc0000    0x17be8
 CREATE_OBJECT_SYMBOLS
 *(.text)
 .text          0x00fc0000        0x0 startup.o
 .text          0x00fc0000        0x0 vars.o
 .text          0x00fc0000        0x0 tosvars.o
 .text          0x00fc0000      0xcbc ../bios/bios.a(startup.o)
                0x00fc0000                _os_entry
                0x00fc0008                _os_beg
                0x00fc0014                _os_magic
                0x00fc0018                _os_date
                0x00fc001c                _os_conf
                0x00fc001e                _os_dosdate
                0x00fc0020                _main
                0x00fc054c                _run_cartridge_applications
                0x00fc06da                _callcrit
                0x00fc0a42                _cpy512
                0x00fc0a64                _chdv_init
                0x00fc0b82                _scrdmp
                0x00fc0b90                _bscr_dump
 .text          0x00fc0cbc      0x6fc ../bios/bios.a(blkdev.o)
                0x00fc0cf6                _bhdv_init
                0x00fc0d56                _dbmsg
                0x00fc0d5a                _bhdv_getbpb
                0x00fc0ec0                _bhdv_mediach
                0x00fc1000                _bhdv_rwabs
                0x00fc1216                _random
                0x00fc1256                _bhdv_boot
                0x00fc12ca                _protobt
 .text          0x00fc13b8      0x754 ../bios/bios.a(floppy.o)
                0x00fc13b8                _flopini
                0x00fc13fa                _floprd
                0x00fc14ce                _flopwrt
                0x00fc1582                _flopfmt
                0x00fc1712                _flopver
                0x00fc17ec                _flopvbl
 .text          0x00fc1b0c      0x100 ../bios/bios.a(ikbdclk.o)
                0x00fc1b0c                _clockvec
                0x00fc1b50                igetdt
                0x00fc1b50                _gettime
                0x00fc1b6c                _settime
                0x00fc1b6c                isetdt
 .text          0x00fc1c0c     0x123c ../bios/bios.a(chardev.o)
                0x00fc1c0c                _bco3stat
                0x00fc1c18                retzero
                0x00fc1c1c                _bcon3out
                0x00fc1c32                _midiws
                0x00fc1c46                _bcon3stat
                0x00fc1c60                _bcon3in
                0x00fc1c8e                _bcon0out
                0x00fc1cfa                _bcon0in
                0x00fc1d18                _bco0stat
                0x00fc1d44                _bcon6stat
                0x00fc1d5a                _bcon6in
                0x00fc1d6a                _bco6stat
                0x00fc1d82                _bcon6out
                0x00fc1d8e                _bco4stat
                0x00fc1d9e                _bcon4out
                0x00fc1da2                ikbd_writeb
                0x00fc1db4                _ikbdws
                0x00fc1dbe                ikbdws1
                0x00fc1dc8                _bcon2stat
                0x00fc1dde                _bcon2in
                0x00fc1e0c                _bco2stat
                0x00fc1e10                ringbell
                0x00fc1fa8                initmfp
                0x00fc21ea                _mfpint
                0x00fc2214                _jdisint
                0x00fc224c                _jenabint
                0x00fc2504                _iorec
                0x00fc252a                _rsconf
                0x00fc2afe                _giaccess
                0x00fc2b40                _ongibit
                0x00fc2b66                _offgibit
                0x00fc2b8c                _initmouse
                0x00fc2c54                _xbtimer
                0x00fc2c8e                _keytbl
                0x00fc2cba                _bioskeys
                0x00fc2cd4                _dosound
                0x00fc2ce8                _setprt
                0x00fc2cfa                _kbrate
                0x00fc2d1c                _kbdvbase
 .text          0x00fc2e48      0xd84 ../bios/bios.a(prtblk.o)
                0x00fc2ec8                _prtblk
 .text          0x00fc3bcc       0x5c ../bios/bios.a(prt.o)
                0x00fc3bcc                _plststat
                0x00fc3bde                _prtlst
                0x00fc3bfa                _pauxstat
                0x00fc3c0c                _prtaux
 .text          0x00fc3c28      0xa14 ../vdi/vdi.a(escape.o)
                0x00fc3c28                _v_escape
                0x00fc3c9a                _asc_out
                0x00fc3c9a                _bcon5out
                0x00fc3ca6                conout
                0x00fc3ca6                _bcon2out
                0x00fc3ca6                _con_out
                0x00fc3caa                gsx_conout
                0x00fc3cb4                normal_ascii
                0x00fc405e                esce
                0x00fc40a4                escf
                0x00fc419c                blink
                0x00fc41d4                _cursconf
                0x00fc43f2                sb_cell
                0x00fc44dc                neg_cell
                0x00fc454e                sb_scrup
                0x00fc4594                sb_scrdn
                0x00fc45d2                gl_f_init
 .text          0x00fc463c       0x90 ../vdi/vdi.a(line1010.o)
                0x00fc463c                line1010
                0x00fc46c6                _retfalse
 .text          0x00fc46cc      0x734 ../vdi/vdi.a(gsxasm1.o)
                0x00fc46cc                _vec_len
                0x00fc4730                M_CLC_FLIT
                0x00fc4730                _CLC_FLIT
                0x00fc4860                _SMUL_DIV
                0x00fc4894                concat
                0x00fc48c0                M_ABLINE
                0x00fc48c0                _ABLINE
                0x00fc49dc                ortbl
                0x00fc4c5c                M_HABLINE
                0x00fc4c5c                _HABLINE
                0x00fc4c5c                fline
                0x00fc4cac                xline
                0x00fc4ce2                lf_tab
                0x00fc4ce4                rf_tab
                0x00fc4d04                htab
 .text          0x00fc4e00      0x3b4 ../vdi/vdi.a(allgem.o)
                0x00fc4e00                _GSHIFT_S
                0x00fc4e0a                _v_nop
                0x00fc4e0a                _v_cellarray
                0x00fc4e0a                _vq_cellarray
                0x00fc4e0c                _v_clrwk
                0x00fc4e1e                _INIT_G
                0x00fc4e52                _vex_timv
                0x00fc4e82                _FindDevice
                0x00fc4f5c                _DINIT_G
                0x00fc4f7e                _GCHC_KEY
                0x00fc4f88                _GCHR_KEY
                0x00fc5050                _GLOC_KEY
                0x00fc50dc                _esc_init
                0x00fc50dc                esc_init
                0x00fc516c                resetdev
 .text          0x00fc51b4      0x8c8 ../vdi/vdi.a(monobj.o)
                0x00fc51b4                _vsl_type
                0x00fc51ea                _vsl_width
                0x00fc523c                _vsl_ends
                0x00fc5288                _vsl_color
                0x00fc52d4                _vsm_height
                0x00fc5350                _vsm_type
                0x00fc5384                _vsm_color
                0x00fc53ce                _vsf_interior
                0x00fc5406                _vsf_style
                0x00fc545c                _vsf_color
                0x00fc54a8                _v_locator
                0x00fc55b8                _v_show_c
                0x00fc55da                _v_hide_c
                0x00fc55e2                _vq_mouse
                0x00fc5616                _v_valuator
                0x00fc5618                _v_choice
                0x00fc5698                _v_string
                0x00fc575e                _vq_key_s
                0x00fc577e                _vswr_mode
                0x00fc57b4                _vsin_mode
                0x00fc5816                _vqin_mode
                0x00fc586e                _vsf_perimeter
                0x00fc58a8                _vsl_udsty
                0x00fc58ba                _arb_corner
                0x00fc5902                _vs_clip
                0x00fc5994                _dro_cpyfm
                0x00fc59cc                _drt_cpyfm
                0x00fc5a06                _dr_recfl
 .text          0x00fc5a7c     0x1af0 ../vdi/vdi.a(monout.o)
                0x00fc5c4e                _vq_extnd
                0x00fc5cd8                _v_clswk
                0x00fc5d16                _vql_attributes
                0x00fc5d72                _vqm_attributes
                0x00fc5dd2                _vqf_attributes
                0x00fc5e26                _clip_line
                0x00fc6024                _pline
                0x00fc60aa                _plygn
                0x00fc6856                _v_pline
                0x00fc68e2                _v_pmarker
                0x00fc6b7c                _v_fillarea
                0x00fc6b82                _gdp_rbox
                0x00fc6e78                _gdp_arc
                0x00fc6f0c                _gdp_ell
                0x00fc6fa6                _v_gdp
                0x00fc714a                _st_fl_ptr
                0x00fc721e                _init_wk
                0x00fc742c                _d_opnvwk
                0x00fc74bc                _d_clsvwk
                0x00fc74fe                _dsf_udpat
                0x00fc7552                _markhead
 .text          0x00fc756c     0x1410 ../vdi/vdi.a(text.o)
                0x00fc76a0                _text_init
                0x00fc77b4                _dst_height
                0x00fc78c0                _dst_point
                0x00fc79dc                _vst_effects
                0x00fc7a0a                _dst_alignment
                0x00fc7a56                _dst_rotation
                0x00fc7a8a                _dst_font
                0x00fc7b5a                _dst_color
                0x00fc7ba6                _dqt_attributes
                0x00fc7c28                _dqt_extent
                0x00fc7e10                _d_gtext
                0x00fc8412                _dqt_width
                0x00fc84da                _dqt_name
                0x00fc856c                _dqt_fontinfo
                0x00fc860a                _d_justified
                0x00fc88ba                _dt_loadfont
                0x00fc8958                _dt_unloadfont
 .text          0x00fc897c       0x88 ../vdi/vdi.a(textblt.o)
                0x00fc897c                _scrtsiz
                0x00fc897e                _CLC_DDA
                0x00fc89b0                _ACT_SIZ
 .text          0x00fc8a04     0x1088 ../vdi/vdi.a(sbtxtblt.o)
                0x00fc8a04                _TEXT_BLT
 .text          0x00fc9a8c      0x1a0 ../vdi/vdi.a(mono.o)
                0x00fc9a8c                _MONO8XHT
                0x00fc9ae6                sb_mono
 .text          0x00fc9c2c      0x384 ../vdi/vdi.a(gsxasm2.o)
                0x00fc9c2c                _vtrap1
                0x00fc9c3c                _TRNSFONT
                0x00fc9c5e                _put_pix
                0x00fc9caa                _get_pix
                0x00fc9cf0                _fill_line
                0x00fc9d48                _end_pts
                0x00fc9e5c                M_RECTFILL
                0x00fc9e5c                _RECTFILL
 .text          0x00fc9fb0      0x520 ../vdi/vdi.a(mouse.o)
                0x00fc9fb0                mouse_rel
                0x00fca092                _MOV_CUR
                0x00fca0b2                vb_draw
                0x00fca0fc                _vex_butv
                0x00fca114                _vex_motv
                0x00fca12c                _vex_curv
                0x00fca144                cur_display
                0x00fca30e                cur_replace
                0x00fca3dc                _HIDE_CUR
                0x00fca40e                _DIS_CUR
                0x00fca452                _vsc_form
 .text          0x00fca4d0      0x6dc ../vdi/vdi.a(font6x6.o)
                0x00fca4d0                _dat_6x6
                0x00fca950                _off_6x6
                0x00fcab52                _f6x6
 .text          0x00fcabac      0xa5c ../vdi/vdi.a(font8x8.o)
                0x00fcabac                _dat_8x8
                0x00fcb3ac                _off_8x8
                0x00fcb5ae                _f8x8
 .text          0x00fcb608     0x125c ../vdi/vdi.a(font8x16.o)
                0x00fcb608                _dat_8x16
                0x00fcc608                _off_8x16
                0x00fcc80a                _f8x16
 .text          0x00fcc864      0x2a4 ../vdi/vdi.a(copyrfm.o)
                0x00fcc864                _COPY_RFM
 .text          0x00fccb08      0x420 ../vdi/vdi.a(blastman.o)
                0x00fccb08                KG_BLT
                0x00fccb44                sb_bitblt
                0x00fccdee                get_fringe
                0x00fcce32                s_xy2addr
                0x00fcce48                d_xy2addr
                0x00fcceac                set_fringe
 .text          0x00fccf28      0x34c ../vdi/vdi.a(sbfrag.o)
                0x00fccf2a                p1_update
                0x00fccf46                f0_left
                0x00fccf4e                f0_right
                0x00fccf56                f1_r2l_rt
                0x00fccf5c                f0_r2l_rt
                0x00fccf68                f1_r2l_lf
                0x00fccf6e                f0_r2l_lf
                0x00fccf7a                f1_l2r_rt
                0x00fccf80                f0_l2r_rt
                0x00fccf8c                f1_l2r_lf
                0x00fccf92                f0_l2r_lf
                0x00fccfde                f2_r2l_rt
                0x00fccfec                f2_r2l_lf
                0x00fccffa                f2_l2r_rt
                0x00fcd008                f2_l2r_lf
                0x00fcd016                fl_r2l_rt
                0x00fcd01c                fl_r2l_lf
                0x00fcd022                fl_l2r_rt
                0x00fcd028                fl_l2r_lf
                0x00fcd03c                f2_update
                0x00fcd050                f1_dst
                0x00fcd058                f2_dst
                0x00fcd06a                f1_drt
                0x00fcd07a                mode_00
                0x00fcd09a                mode_01
                0x00fcd0be                mode_02
                0x00fcd0e2                mode_03
                0x00fcd108                mode_04
                0x00fcd128                mode_05
                0x00fcd12a                mode_06
                0x00fcd14a                mode_07
                0x00fcd16a                mode_08
                0x00fcd18c                mode_09
                0x00fcd1ae                mode_10
                0x00fcd1cc                mode_11
                0x00fcd1ee                mode_12
                0x00fcd210                mode_13
                0x00fcd232                mode_14
                0x00fcd256                mode_15
 .text          0x00fcd274      0x6a4 ../vdi/vdi.a(seedfill.o)
                0x00fcd46e                _seedfill
                0x00fcd8b0                _d_contourfill
                0x00fcd8c0                _v_get_pixel
 .text          0x00fcd918      0x418 ../vdi/vdi.a(tables.o)
                0x00fcd918                _REV_MAP_COL
                0x00fcd938                _MAP_COL
                0x00fcd958                _m_dmnd
                0x00fcd970                _m_cross
                0x00fcd986                _m_square
                0x00fcd99e                _m_star
                0x00fcd9be                _m_plus
                0x00fcd9d4                _m_dot
                0x00fcd9e0                _ROM_INQ_TAB
                0x00fcda3a                _ROM_SIZ_TAB
                0x00fcda52                _ROM_DEV_TAB
                0x00fcdaac                _tplane_mask
                0x00fcdab4                _SOLID
                0x00fcdab6                _HOLLOW
                0x00fcdab8                _HATCH1
                0x00fcdb78                _HAT_1_MSK
                0x00fcdb7a                _HATCH0
                0x00fcdbda                _HAT_0_MSK
                0x00fcdbdc                _DITHER
                0x00fcdc1c                _DITHRMSK
                0x00fcdc1e                _OEMPAT
                0x00fcdd1e                _OEMMSKPAT
                0x00fcdd20                _UDPATMSK
                0x00fcdd22                _LINE_STYLE
 .text          0x00fcdd30      0x178 ../vdi/vdi.a(isin.o)
                0x00fcdd30                _Isin
                0x00fcddd2                _Icos
 .text          0x00fcdea8       0x84 ../bdos/bdos.a(bdosmain.o)
                0x00fcdea8                _osinit
 .text          0x00fcdf2c     0x27d0 ../bdos/bdos.a(fshand.o)
                0x00fcdf2c                _xfr2usr
                0x00fcdf54                _usr2xfr
                0x00fcdfa8                _uc
                0x00fcdfc2                _getdmd
                0x00fce050                _syshnd
                0x00fce070                _getofd
                0x00fce094                _ixdirdup
                0x00fce0b0                _xdup
                0x00fce18a                _ixforce
                0x00fce202                _xforce
                0x00fce218                _xlog2
                0x00fce230                _login
                0x00fce34a                _cl2rec
                0x00fce358                _xmovs
                0x00fce400                _xcmps
                0x00fce43c                _flushbcb
                0x00fce59c                _getrec
                0x00fce70e                _makofd
                0x00fce75e                _match
                0x00fce7ba                _builds
                0x00fce98c                _ckdrv
                0x00fcea62                _packit
                0x00fceb74                _dopath
                0x00fceba4                _xgetdir
                0x00fcec06                _xgetdta
                0x00fcec12                _xsetdta
                0x00fcec20                _xsetdrv
                0x00fcec3a                _xgetdrv
                0x00fcec4a                _makopn
                0x00fced44                _opnfil
                0x00fcedb2                _dirinit
                0x00fcee38                _divmod
                0x00fcee5e                _ixlseek
                0x00fcef2c                _xlseek
                0x00fcef7e                _clfix
                0x00fcf046                _nextcl
                0x00fcf12e                _xrw
                0x00fcf3d8                _ixwrite
                0x00fcf3f6                _xwrite
                0x00fcf41c                _ixclose
                0x00fcf518                _xclose
                0x00fcf61c                _ixread
                0x00fcf652                _getcl
                0x00fcf6f8                _xgetfree
                0x00fcf784                _scan
                0x00fcf8f0                _xsnext
                0x00fcf994                _xgsdtof
                0x00fcfa16                _xread
                0x00fcfa3c                _ixdel
                0x00fcfb4a                _contains_dots
                0x00fcfb88                _getpath
                0x00fcfbea                _findit
                0x00fcfd52                _xrmdir
                0x00fcfe4a                _xunlink
                0x00fcfeba                _xchmod
                0x00fcff60                _ixopen
                0x00fcffd4                _xopen
                0x00fcffe4                _ixsfirst
                0x00fd008c                _xsfirst
                0x00fd00a8                _xchdir
                0x00fd016e                _ixcreat
                0x00fd035c                _xmkdir
                0x00fd050a                _xcreat
                0x00fd0522                _xrename
                0x00fd06b8                _ncmps
                0x00fd06dc                _logmsk
 .text          0x00fd06fc      0xb54 ../bdos/bdos.a(osmem.o)
                0x00fd06fc                _xmgetblk
                0x00fd078c                _xmfreblk
                0x00fd07ae                _ffit
                0x00fd0870                _freeit
                0x00fd093a                _xsetblk
                0x00fd09ba                _ixterm
                0x00fd0a62                _xterm
                0x00fd0aac                _x0term
                0x00fd0ab6                _xtermres
                0x00fd0b14                _xexec
                0x00fd11ca                _xmalloc
                0x00fd1204                _xmfree
 .text          0x00fd1250      0x22c ../bdos/bdos.a(osinit.o)
                0x00fd1250                __osinit
                0x00fd1298                _trap13
                0x00fd12f6                _indcall
                0x00fd12fc                _swp68
                0x00fd130e                _swp68l
                0x00fd1324                _xsetjmp
                0x00fd133e                _xlongjmp
                0x00fd13d2                _gouser
                0x00fd1462                _oscall
 .text          0x00fd147c      0xc68 ../bdos/bdos.a(sup.o)
                0x00fd147c                _ni
                0x00fd1480                _xgetver
                0x00fd1488                _cinit
                0x00fd1516                _freetree
                0x00fd156e                _offree
                0x00fd15d2                _osif
                0x00fd1e4a                _tikfrk
                0x00fd1eb8                _nday
 .text          0x00fd20e4       0xb0 ../bdos/bdos.a(time.o)
                0x00fd20e4                _xgetdate
                0x00fd20ee                _xsetdate
                0x00fd214a                _xgettime
                0x00fd2154                _xsettime
 .text          0x00fd2194      0x6e4 ../bdos/bdos.a(console.o)
                0x00fd2194                _constat
                0x00fd21b8                _xconstat
                0x00fd21d0                _xconostat
                0x00fd21ee                _xprtostat
                0x00fd220c                _xauxistat
                0x00fd2224                _xauxostat
                0x00fd2242                _buflush
                0x00fd2346                _conout
                0x00fd23b2                _tabout
                0x00fd23fa                _xtabout
                0x00fd2416                _cookdout
                0x00fd245c                _xauxout
                0x00fd247e                _xprtout
                0x00fd24a0                _getch
                0x00fd251a                _x7in
                0x00fd2532                _conin
                0x00fd2554                _xconin
                0x00fd256c                _x8in
                0x00fd2596                _xauxin
                0x00fd25b4                _rawconio
                0x00fd260a                _prt_line
                0x00fd2634                _xprt_line
                0x00fd2650                _newline
                0x00fd268a                _backsp
                0x00fd2714                _cgets
                0x00fd2848                _readline
 .text          0x00fd2878       0x6c ../vdi/vdi.a(entry.o)
                0x00fd2878                _GSX_ENTRY
 .text          0x00fd28e4      0x15c ../vdi/vdi.a(jmptbl.o)
                0x00fd28e4                _SCREEN
 .text          0x00fd2a40      0x234 ../vdi/vdi.a(opnwk.o)
                0x00fd2a40                _v_opnwk
 .text          0x00fd2c74       0x9c ../vdi/vdi.a(xfrmform.o)
                0x00fd2c74                _vr_trnfm
 .text          0x00fd2d10      0x160 ../vdi/vdi.a(stcolor.o)
                0x00fd2d10                _vs_color
                0x00fd2dc2                _vq_color
 .text          0x00fd2e70      0x724 ../aes/aes.a(function.o)
                0x00fd2e70                _r_get
                0x00fd2e94                _r_set
                0x00fd2eb0                _rc_constrain
                0x00fd2f06                _rc_copy
                0x00fd2f24                _inside
                0x00fd2f64                _rc_equal
                0x00fd2f92                _movs
                0x00fd2fb8                _min
                0x00fd2fc8                _max
                0x00fd2fd8                _rc_intersect
                0x00fd3062                _rc_union
                0x00fd30d8                _bfill
                0x00fd30f8                _toupper
                0x00fd310e                _scasb
                0x00fd3132                _strlen
                0x00fd314c                _streq
                0x00fd316c                _strchk
                0x00fd31a0                _xstrpcpy
                0x00fd31b4                _strscn
                0x00fd31de                _xstrpcat
                0x00fd3200                _fmt_str
                0x00fd327e                _unfmt_str
                0x00fd32c4                _fs_sset
                0x00fd32fe                _inf_sset
                0x00fd3322                _fs_sget
                0x00fd3348                _fs_ssget
                0x00fd335e                _inf_fldset
                0x00fd338c                _inf_gindex
                0x00fd33e4                _inf_what
                0x00fd3422                _merge_str
                0x00fd3510                _wildcmp
                0x00fd357a                _memcpy
 .text          0x00fd3594       0xc4 ../aes/aes.a(large.o)
                0x00fd3594                _LSTCPY
                0x00fd35a8                _LBWMOV
                0x00fd35c2                _LWFILL
                0x00fd35f0                _LWCOPY
                0x00fd361c                _LSTRLEN
                0x00fd362e                _LBCOPY
 .text          0x00fd3658     0x44e0 tosrscde.o
                0x00fd3658                _tosrsc
 .text          0x00fd7b38       0x24 /home/sebilla/mintstd/binary7-package/usr/bin/../lib64/gcc/m68k-atari-mint/4.6.4/mshort/libgcc.a(_mulsi3.o)
                0x00fd7b38                ___mulsi3_internal
                0x00fd7b38                ___mulsi3
 .text          0x00fd7b5c       0x30 /home/sebilla/mintstd/binary7-package/usr/bin/../lib64/gcc/m68k-atari-mint/4.6.4/mshort/libgcc.a(_divsi3.o)
                0x00fd7b5c                ___divsi3_internal
                0x00fd7b5c                ___divsi3
 .text          0x00fd7b8c       0x5c /home/sebilla/mintstd/binary7-package/usr/bin/../lib64/gcc/m68k-atari-mint/4.6.4/mshort/libgcc.a(_udivsi3.o)
                0x00fd7b8c                ___udivsi3_internal
                0x00fd7b8c                ___udivsi3
 *(.rodata .rodata.*)
                0x00fd7be8                        __etext = .

.data           0x00fd7be8      0x1c4
 *(.data)
 .data          0x00fd7be8        0x0 startup.o
 .data          0x00fd7be8        0x0 vars.o
 .data          0x00fd7be8        0x0 tosvars.o
 .data          0x00fd7be8        0x0 ../bios/bios.a(startup.o)
 .data          0x00fd7be8        0x0 ../bios/bios.a(blkdev.o)
 .data          0x00fd7be8        0x0 ../bios/bios.a(floppy.o)
 .data          0x00fd7be8        0x0 ../bios/bios.a(ikbdclk.o)
 .data          0x00fd7be8        0x0 ../bios/bios.a(chardev.o)
 .data          0x00fd7be8        0x0 ../bios/bios.a(prtblk.o)
 .data          0x00fd7be8        0x0 ../bios/bios.a(prt.o)
 .data          0x00fd7be8        0x0 ../vdi/vdi.a(escape.o)
 .data          0x00fd7be8        0x0 ../vdi/vdi.a(line1010.o)
 .data          0x00fd7be8        0x0 ../vdi/vdi.a(gsxasm1.o)
 .data          0x00fd7be8        0x0 ../vdi/vdi.a(allgem.o)
 .data          0x00fd7be8        0x0 ../vdi/vdi.a(monobj.o)
 .data          0x00fd7be8        0x0 ../vdi/vdi.a(monout.o)
 .data          0x00fd7be8        0x0 ../vdi/vdi.a(text.o)
 .data          0x00fd7be8        0x0 ../vdi/vdi.a(textblt.o)
 .data          0x00fd7be8        0x0 ../vdi/vdi.a(sbtxtblt.o)
 .data          0x00fd7be8        0x0 ../vdi/vdi.a(mono.o)
 .data          0x00fd7be8        0x0 ../vdi/vdi.a(gsxasm2.o)
 .data          0x00fd7be8       0x50 ../vdi/vdi.a(mouse.o)
                0x00fd7be8                rel_pblock
                0x00fd7bec                arrow_cdb
 .data          0x00fd7c38        0x0 ../vdi/vdi.a(font6x6.o)
 .data          0x00fd7c38        0x0 ../vdi/vdi.a(font8x8.o)
 .data          0x00fd7c38        0x0 ../vdi/vdi.a(font8x16.o)
 .data          0x00fd7c38        0x0 ../vdi/vdi.a(copyrfm.o)
 .data          0x00fd7c38        0x0 ../vdi/vdi.a(blastman.o)
 .data          0x00fd7c38        0x0 ../vdi/vdi.a(sbfrag.o)
 .data          0x00fd7c38        0x0 ../vdi/vdi.a(seedfill.o)
 .data          0x00fd7c38       0x20 ../vdi/vdi.a(tables.o)
                0x00fd7c38                _ROM_UD_PATRN
 .data          0x00fd7c58        0x0 ../vdi/vdi.a(isin.o)
 .data          0x00fd7c58        0x0 ../bdos/bdos.a(bdosmain.o)
 .data          0x00fd7c58       0x30 ../bdos/bdos.a(fshand.o)
                0x00fd7c58                _dots2
                0x00fd7c6e                _dots
                0x00fd7c84                _negone
 .data          0x00fd7c88        0x0 ../bdos/bdos.a(osmem.o)
 .data          0x00fd7c88        0x4 ../bdos/bdos.a(osinit.o)
 .data          0x00fd7c8c        0x0 ../bdos/bdos.a(sup.o)
 .data          0x00fd7c8c        0x0 ../bdos/bdos.a(time.o)
 .data          0x00fd7c8c        0x0 ../bdos/bdos.a(console.o)
 .data          0x00fd7c8c        0x4 ../vdi/vdi.a(entry.o)
                0x00fd7c8c                _MAX_VERT
 .data          0x00fd7c90      0x11c ../vdi/vdi.a(jmptbl.o)
                0x00fd7c90                _jmptb2
                0x00fd7d10                _jmptb1
 .data          0x00fd7dac        0x0 ../vdi/vdi.a(opnwk.o)
 .data          0x00fd7dac        0x0 ../vdi/vdi.a(xfrmform.o)
 .data          0x00fd7dac        0x0 ../vdi/vdi.a(stcolor.o)
 .data          0x00fd7dac        0x0 ../aes/aes.a(function.o)
 .data          0x00fd7dac        0x0 ../aes/aes.a(large.o)
 .data          0x00fd7dac        0x0 tosrscde.o
 .data          0x00fd7dac        0x0 /home/sebilla/mintstd/binary7-package/usr/bin/../lib64/gcc/m68k-atari-mint/4.6.4/mshort/libgcc.a(_mulsi3.o)
 .data          0x00fd7dac        0x0 /home/sebilla/mintstd/binary7-package/usr/bin/../lib64/gcc/m68k-atari-mint/4.6.4/mshort/libgcc.a(_divsi3.o)
 .data          0x00fd7dac        0x0 /home/sebilla/mintstd/binary7-package/usr/bin/../lib64/gcc/m68k-atari-mint/4.6.4/mshort/libgcc.a(_udivsi3.o)
                0x00fd7dac                        __edata = .

.bss            0x00000000     0x9b50
 *(.bss COMMON)
 .bss           0x00000000        0x0 startup.o
 .bss           0x00000000     0x2400 vars.o
                0x00000840                __sbss
                0x00000846                _dskbuf
                0x00000846                _seed_type
                0x00000848                _search_color
                0x0000084a                _Qbottom
                0x0000084c                _qTop
                0x0000084e                _qPtr
                0x00000850                _qTmp
                0x00000852                _qHole
                0x00000854                _oldy
                0x00000856                _oldxleft
                0x00000858                _oldxright
                0x0000085a                _newxleft
                0x0000085c                _newxright
                0x0000085e                _xleft
                0x00000860                _xright
                0x00000862                _direction
                0x00000864                _done
                0x00000866                _gotseed
                0x00000868                _leftoldy
                0x0000086a                _leftdirection
                0x0000086c                _leftseed
                0x0000086e                _h_align
                0x0000086e                _leftcollision
                0x00000870                _collision
                0x00000870                _v_align
                0x00000872                _Q
                0x00000872                _width
                0x00000874                _height
                0x00000876                _wordx
                0x00000878                _wordy
                0x0000087a                _rmword
                0x0000087c                _rmwordx
                0x0000087e                _rmwordy
                0x00000880                _charx
                0x00000882                _chary
                0x00000884                _rmchar
                0x00000886                _rmcharx
                0x00000888                _rmchary
                0x0000088a                _FLIP_Y
                0x0000088e                _copytran
                0x00000932                _deftxbu
                0x00000b46                ptsin_array
                0x00000c2e                fringe0
                0x00001016                innerLoop
                0x000013fe                fringe1
                0x00001778                _vdivars
                0x00001b06                lineavars
                0x00001fbc                _endvdibss
                0x000023fe                _endgembss
 COMMON         0x00002400     0x477e vars.o
                0x00002400                _gl_mnpid
                0x00002404                _thedesk
                0x00002408                _gl_ctwait
                0x00002414                _NUM_TICK
                0x00002418                biosaret
                0x0000241c                _drvtbl
                0x0000245c                _dlr
                0x00002460                _date
                0x00002462                _gl_newroot
                0x00002464                _fpt
                0x00002468                _ad_hgmice
                0x0000246c                _ml_ocnt
                0x00002470                _rs_hdr
                0x00002474                errsave
                0x00002478                retsava
                0x0000247c                _rlr
                0x00002480                _savsup
                0x00002484                xbiosaret
                0x00002488                _mclick
                0x0000248c                _gl_rbuf
                0x00002490                _glbkbchar
                0x00002850                _aesldivr
                0x00002854                iclkrtime
                0x00002858                _havegem
                0x0000285c                _diruse
                0x00002884                pblock
                0x00002898                _gl_cowner
                0x0000289c                _romdata
                0x000028c0                _wind_spb
                0x000028ca                _xrat
                0x000028cc                _ml_ctrl
                0x000028d4                _infdrv
                0x000028d6                _gl_btrue
                0x000028d8                _gl_dcindex
                0x000028da                _f_maxlevel
                0x000028dc                gstksave
                0x000028e0                _gl_wtop
                0x000028e4                _crit_err
                0x000028e8                _eul
                0x000028ec                _curpid
                0x000028ee                _havefmt
                0x000028f0                _elinkoff
                0x000028f4                _gl_mowner
                0x000028f8                _errdrv
                0x000028fc                _glbcolumn
                0x00002904                errstk
                0x00002d08                _sh_dodef
                0x00002d0c                trp14aret
                0x00002d10                _gl_rlen
                0x00002d14                _sys_adacc
                0x00002d18                _bakbuf
                0x00002d24                _DOS_ERR
                0x00002d28                _hdr_buff
                0x00002d4c                _gl_bdelay
                0x00002d50                _ram8x8
                0x00002daa                _gl_dabox
                0x00002dac                _gl_dclick
                0x00002db0                _tikaddr
                0x00002db4                _desk_pid
                0x00002dc0                ustak
                0x00002e44                _mtrans
                0x00002e48                _gl_kowner
                0x00002e4c                _sh_isgem
                0x00002e50                _dirtbl
                0x00002ef0                savsr
                0x00002ef4                _gl_pacc
                0x00002f0c                _rs_global
                0x00002f10                _ad_envrn
                0x00002f14                _gl_bpend
                0x00002f16                _pr_xrat
                0x00002f18                _appl_msg
                0x00002f28                _fph
                0x00002f2c                _drl
                0x00002f30                _sh_doexec
                0x00002f32                iclk_ready
                0x00002f34                _tiksav
                0x00002f38                _ml_pmown
                0x00002f3c                _gl_dabase
                0x00002f40                _buptr
                0x00002f4c                _SAV2TRP
                0x00002f50                _gl_mntree
                0x00002f54                drawsp
                0x00002f58                _havedesk
                0x00002f5c                tstksave
                0x00002f60                _run
                0x00002f64                _indisp
                0x00002f66                _gl_bdesired
                0x00002f68                _fmt_global
                0x00002f88                _CMP_TICK
                0x00002f8c                _D
                0x000059a4                _virt_work
                0x00005ad8                _ad_shtail
                0x00005adc                _gl_fakemsg
                0x00005ade                _time
                0x00005ae0                _ad_rso
                0x00005ae4                _gl_adacc
                0x00005afc                _ml_pkown
                0x00005b00                _prtbdev
                0x00005b02                _gl_font
                0x00005b04                _gl_recd
                0x00005b08                _zlr
                0x00005b0c                _ad_windspb
                0x00005b10                _gl_dacnt
                0x00005b12                _f_level
                0x00005b14                _ad_shcmd
                0x00005b18                _infpath
                0x00005b94                _drawstk
                0x00005b98                _gl_newdesk
                0x00005b9c                _drwaddr
                0x00005ba0                _beptr
                0x00005bac                gstack
                0x00005c0c                _ml_mnhold
                0x00005c10                _gl_bvhard
                0x00005c14                _ad_armice
                0x00005c18                _gl_naccs
                0x00005c1c                _ctl_pd
                0x00005c20                _diskin
                0x00005c22                _gl_width
                0x00005c24                _fpcnt
                0x00005c26                _yrat
                0x00005c28                _pr_yrat
                0x00005c2c                _sft
                0x00005f1c                _supstk
                0x0000671c                trp13aret
                0x00006720                srsave
                0x00006724                _ad_stdesk
                0x00006728                _gl_awind
                0x0000672c                _gl_rschange
                0x0000672e                _button
                0x00006730                _gl_bclick
                0x00006734                _ad_pfile
                0x00006738                _ad_path
                0x0000673c                _nrl
                0x00006740                _gl_rmnactv
                0x00006748                _g_wlist
                0x0000674c                _pr_button
                0x00006750                _ctrl
                0x00006758                _gl_ticktime
                0x0000675c                _pglobal
                0x0000677c                dspstk
                0x00006a00                _desk_acc
                0x00006a18                _ad_sysglo
                0x00006a1c                _drawaddr
                0x00006a20                psetsr
                0x00006a22                _gl_restype
                0x00006a24                tstack
                0x00006a84                _rwerr
                0x00006a88                _ram8x16
                0x00006ae2                _kstate
                0x00006ae4                _xxaddr
                0x00006ae8                _desk_global
                0x00006b06                _gl_nextrez
                0x00006b08                _gl_apid
                0x00006b0c                _g_buffer
                0x00006b10                _sh_gem
                0x00006b14                _cda
                0x00006b18                _drvsel
                0x00006b1c                _rul
                0x00006b20                _infork
                0x00006b24                _fill
                0x00006b28                _gem_global
                0x00006b46                _pr_mclick
                0x00006b48                _gl_dta
                0x00006b7a                _gl_bvdisk
                0x00006b7c                _DOS_AX
 *fill*         0x00006b7e        0x2 
 .bss           0x00006b80        0x0 tosvars.o
 .bss           0x00006b80        0x0 ../bios/bios.a(startup.o)
 COMMON         0x00006b80      0x621 ../bios/bios.a(startup.o)
                0x00006b80                execname
                0x00006b84                _sndtable
                0x00006b88                kb_key_last
                0x00006b89                kb_initial
                0x00006b8c                mousebuf
                0x00006b94                oshdr
                0x00006bdc                dsb
                0x00006bec                ikbdbuf
                0x00006c6c                _snddelay
                0x00006c70                clockbuf
                0x00006c78                rs232ibuf
                0x00006d78                midiiorec
                0x00006d88                save_beg
                0x00006e78                rs232iorec
                0x00006e9c                kb_repeat
                0x00006ea0                lst_timeout
                0x00006ea4                _curkeytbl
                0x00006eb0                savepc
                0x00006eb4                joybuf
                0x00006eb8                relmbuf
                0x00006ebc                execpath
                0x00006ec0                _shifty
                0x00006ec1                kb_ticks
                0x00006ec4                rs232obuf
                0x00006fc4                execdta
                0x00006ff0                midibuf
                0x000070f0                kbdbuf
                0x000070f7                kb_delay
                0x000070f8                _tim_c_sieve
                0x000070fc                gem_env
                0x00007108                _sndtmp
                0x0000710c                _pbdef
                0x0000712c                execfname
                0x0000714c                ikbdiorec
                0x0000715c                buttonbuf
                0x00007160                _prtconfig
                0x00007164                _kbdvecs
                0x00007190                initmbuf
 *fill*         0x000071a1        0x3 
 .bss           0x000071a4        0x0 ../bios/bios.a(blkdev.o)
 COMMON         0x000071a4       0x5e ../bios/bios.a(blkdev.o)
                0x000071a4                _rseed
                0x000071a8                _blkdev
                0x000071e8                _fd_lastacc
                0x000071f0                _drivechange
                0x000071f2                _fd_latch
                0x000071f4                _fd_err
                0x000071f8                _fd_wp
                0x000071fc                _fd_mediach
                0x00007200                _curflop
 *fill*         0x00007202        0x2 
 .bss           0x00007204        0x0 ../bios/bios.a(floppy.o)
 COMMON         0x00007204       0x2a ../bios/bios.a(floppy.o)
                0x00007204                lastacstm
                0x00007208                fd_track
                0x0000720a                fd_virgin
                0x0000720c                fd_spt
                0x0000720e                fd_desel
                0x00007210                fd_sect
                0x00007212                fd_side
                0x00007214                fd_buffer
                0x00007218                fd_curerr
                0x0000721a                fd_deferr
                0x0000721c                fd_dev
                0x0000721e                fd_interlv
                0x00007220                fd_motoron
                0x00007224                fd_dmaend
                0x00007228                fd_retry
                0x0000722a                fd_scount
                0x0000722c                flopsregs
 *fill*         0x0000722e        0x2 
 .bss           0x00007230        0x0 ../bios/bios.a(ikbdclk.o)
 COMMON         0x00007230        0xc ../bios/bios.a(ikbdclk.o)
                0x00007230                iclkbuf
                0x00007238                iclkwtime
 .bss           0x0000723c        0x0 ../bios/bios.a(chardev.o)
 .bss           0x0000723c        0x0 ../bios/bios.a(prtblk.o)
 COMMON         0x0000723c       0xf0 ../bios/bios.a(prtblk.o)
                0x0000723c                _prtbend
                0x00007240                _prtbmono
                0x00007244                _prtbmaxval
                0x00007264                _prtbilow
                0x00007266                _prtbchunk
                0x00007268                _prtbmed
                0x0000726c                _prtbstrt
                0x00007270                _prtbomask
                0x00007272                _prtbidx
                0x00007274                _prtblow
                0x00007276                _prtbempty
                0x00007278                _prtbacol
                0x0000727a                _prtboch
                0x0000727c                _prtbdmask
                0x0000727e                _prtbamon
                0x00007280                _prtbp2
                0x00007284                _prtboval
                0x0000728c                _prtbrval
                0x00007290                _prtbminval
                0x000072b0                _prtbihigh
                0x000072b2                _prtbbol
                0x000072b4                _prtbplanes
                0x000072b6                _prtbwidth
                0x000072b8                _prtbprez
                0x000072ba                _prtbbval
                0x000072bc                _prtblines
                0x000072be                _prtbbytes
                0x000072c0                _prtbobuf
                0x000072c8                _prtbmval
                0x000072d0                _prtbodd
                0x000072d2                _prtbtcol
                0x000072d4                _prtbval
                0x000072f4                _prtbpmsk
                0x000072f6                _prtbflg
                0x000072f8                _prtbp1
                0x000072fc                _pbpar
                0x0000731a                _prtbeps
                0x0000731c                _prtbheight
                0x0000731e                _prtboffset
                0x00007320                _prtbink
                0x00007322                _prtbdots
                0x00007324                _prtbwords
                0x00007326                _prtbinvert
                0x00007328                _prtbbits
                0x0000732a                _prtbgval
 .bss           0x0000732c        0x0 ../bios/bios.a(prt.o)
 .bss           0x0000732c        0x0 ../vdi/vdi.a(escape.o)
 .bss           0x0000732c        0x0 ../vdi/vdi.a(line1010.o)
 .bss           0x0000732c        0x0 ../vdi/vdi.a(gsxasm1.o)
 .bss           0x0000732c        0x0 ../vdi/vdi.a(allgem.o)
 .bss           0x0000732c        0x0 ../vdi/vdi.a(monobj.o)
 .bss           0x0000732c        0x0 ../vdi/vdi.a(monout.o)
 .bss           0x0000732c        0x0 ../vdi/vdi.a(text.o)
 .bss           0x0000732c        0x0 ../vdi/vdi.a(textblt.o)
 .bss           0x0000732c        0x0 ../vdi/vdi.a(sbtxtblt.o)
 .bss           0x0000732c        0x0 ../vdi/vdi.a(mono.o)
 .bss           0x0000732c        0x0 ../vdi/vdi.a(gsxasm2.o)
 .bss           0x0000732c        0x0 ../vdi/vdi.a(mouse.o)
 .bss           0x0000732c        0x0 ../vdi/vdi.a(font6x6.o)
 .bss           0x0000732c        0x0 ../vdi/vdi.a(font8x8.o)
 .bss           0x0000732c        0x0 ../vdi/vdi.a(font8x16.o)
 .bss           0x0000732c        0x0 ../vdi/vdi.a(copyrfm.o)
 .bss           0x0000732c        0x0 ../vdi/vdi.a(blastman.o)
 .bss           0x0000732c        0x0 ../vdi/vdi.a(sbfrag.o)
 .bss           0x0000732c        0x0 ../vdi/vdi.a(seedfill.o)
 .bss           0x0000732c        0x0 ../vdi/vdi.a(tables.o)
 .bss           0x0000732c        0x0 ../vdi/vdi.a(isin.o)
 .bss           0x0000732c        0x0 ../bdos/bdos.a(bdosmain.o)
 COMMON         0x0000732c      0x850 ../bdos/bdos.a(bdosmain.o)
                0x0000732c                _secbuf
                0x00007b2c                _bcbx
 .bss           0x00007b7c        0x0 ../bdos/bdos.a(fshand.o)
 .bss           0x00007b7c        0x0 ../bdos/bdos.a(osmem.o)
 COMMON         0x00007b7c     0x1788 ../bdos/bdos.a(osmem.o)
                0x00007b7c                _osmem
                0x000092ec                _root
                0x00009300                _osmlen
                0x00009302                _osmptr
 .bss           0x00009304        0x0 ../bdos/bdos.a(osinit.o)
 COMMON         0x00009304      0x82c ../bdos/bdos.a(osinit.o)
                0x00009304                old_tik
                0x00009308                savesr
                0x0000930c                old_2
                0x00009310                fstack
                0x00009b28                biosav
 .bss           0x00009b30        0x0 ../bdos/bdos.a(sup.o)
 COMMON         0x00009b30       0x20 ../bdos/bdos.a(sup.o)
                0x00009b30                _msec
                0x00009b32                _oscnt
                0x00009b34                _errbuf
                0x00009b40                _uptime
                0x00009b44                _pmd
 .bss           0x00009b50        0x0 ../bdos/bdos.a(time.o)
 .bss           0x00009b50        0x0 ../bdos/bdos.a(console.o)
 .bss           0x00009b50        0x0 ../vdi/vdi.a(entry.o)
 .bss           0x00009b50        0x0 ../vdi/vdi.a(jmptbl.o)
 .bss           0x00009b50        0x0 ../vdi/vdi.a(opnwk.o)
 .bss           0x00009b50        0x0 ../vdi/vdi.a(xfrmform.o)
 .bss           0x00009b50        0x0 ../vdi/vdi.a(stcolor.o)
 .bss           0x00009b50        0x0 ../aes/aes.a(function.o)
 .bss           0x00009b50        0x0 ../aes/aes.a(large.o)
 .bss           0x00009b50        0x0 tosrscde.o
 .bss           0x00009b50        0x0 /home/sebilla/mintstd/binary7-package/usr/bin/../lib64/gcc/m68k-atari-mint/4.6.4/mshort/libgcc.a(_mulsi3.o)
 .bss           0x00009b50        0x0 /home/sebilla/mintstd/binary7-package/usr/bin/../lib64/gcc/m68k-atari-mint/4.6.4/mshort/libgcc.a(_divsi3.o)
 .bss           0x00009b50        0x0 /home/sebilla/mintstd/binary7-package/usr/bin/../lib64/gcc/m68k-atari-mint/4.6.4/mshort/libgcc.a(_udivsi3.o)
                0x00009b50                        __end = .

/DISCARD/
 *(.comment)
 *(.debug*)
Address of section .text set to 0xfc0000
Address of section .bss set to 0x0
LOAD startup.o
LOAD vars.o
LOAD tosvars.o
LOAD ../bios/bios.a
LOAD ../vdi/vdi.a
LOAD ../bdos/bdos.a
LOAD ../vdi/vdi.a
LOAD ../bios/bios.a
LOAD ../aes/aes.a
LOAD ../desk/desk.a
LOAD tosrscde.o
LOAD /home/sebilla/mintstd/binary7-package/usr/bin/../lib64/gcc/m68k-atari-mint/4.6.4/mshort/libgcc.a
OUTPUT(tos.img binary)
